[启动器] 命令: /home/ky/Desktop/blender-5.1.2-linux-x64/blender -b --python /home/ky/Experiments/1+1+1/Interior design/LAYRA/3D_Front_visualization/visualization/threefront_renderer.py -- --input /home/ky/Experiments/1+1+1/Interior design/LAYRA/3D_Front_visualization/3D_Front_example/0a9c667d-033d-448c-b17c-dc55e6d3c386.json --output-dir /home/ky/Experiments/1+1+1/Interior design/LAYRA/3D_Front_visualization/output/0a9c667d-033d-448c-b17c-dc55e6d3c386 --room-filter DiningRoom --dataset /home/ky/Experiments/1+1+1/Interior design/LAYRA/3d-future-model/3D-FUTURE-model --texture-root /TODO/替换为你的/3D-Front-texture/根目录 --category-json /home/ky/Experiments/1+1+1/Interior design/LAYRA/3D_Front_visualization/model_info.json --skip-categories 吊灯,chandelier,ceiling lamp,pendant,ceiling light, Lighting --skip-model-ids  --furniture-scale 1.0 --roughness 1.0 --pre-rot 0.0 0.0 0.0 --keep-mesh-types Floor --render-engine cycles --render-resolution 1024 --topdown-margin 0.08 --render-samples 128 --topdown-scope scene
[启动器] 时间: 20260902_155003
00:00.234  io.obj           | WARNING MTL texture map type not supported: 'map_Ka ./texture.png'
00:00.252  io.obj           | WARNING MTL texture map type not supported: 'map_Ka ./texture.png'
00:00.252  io.obj           | WARNING MTL texture map type not supported: 'map_Ka ./texture.png'
00:00.257  io.obj           | WARNING MTL texture map type not supported: 'map_Ka ./texture.png'
00:00.257  io.obj           | WARNING MTL texture map type not supported: 'map_Ka ./texture.png'
00:00.261  io.obj           | WARNING MTL texture map type not supported: 'map_Ka ./texture.png'
00:00.261  io.obj           | WARNING MTL texture map type not supported: 'map_Ka ./texture.png'
00:00.266  io.obj           | WARNING MTL texture map type not supported: 'map_Ka ./texture.png'
00:00.266  io.obj           | WARNING MTL texture map type not supported: 'map_Ka ./texture.png'
00:00.273  io.obj           | WARNING MTL texture map type not supported: 'map_Ka ./texture.png'
00:00.273  io.obj           | WARNING MTL texture map type not supported: 'map_Ka ./texture.png'
00:00.273  io.obj           | WARNING MTL texture map type not supported: 'map_Ka ./texture.png'
00:00.273  io.obj           | WARNING MTL texture map type not supported: 'map_Ka ./texture.png'
00:00.273  io.obj           | WARNING MTL texture map type not supported: 'map_Ka ./texture.png'
00:00.273  io.obj           | WARNING MTL texture map type not supported: 'map_Ka ./texture.png'
00:00.273  io.obj           | WARNING MTL texture map type not supported: 'map_Ka ./texture.png'
00:00.273  io.obj           | WARNING MTL texture map type not supported: 'map_Ka ./texture.png'
00:00.273  io.obj           | WARNING MTL texture map type not supported: 'map_Ka ./texture.png'
00:00.273  io.obj           | WARNING MTL texture map type not supported: 'map_Ka ./texture.png'
00:00.273  io.obj           | WARNING MTL texture map type not supported: 'map_Ka ./texture.png'
00:00.273  io.obj           | WARNING MTL texture map type not supported: 'map_Ka ./texture.png'
00:00.273  io.obj           | WARNING MTL texture map type not supported: 'map_Ka ./texture.png'
00:00.273  io.obj           | WARNING MTL texture map type not supported: 'map_Ka ./texture.png'
00:00.273  io.obj           | WARNING MTL texture map type not supported: 'map_Ka ./texture.png'
00:00.273  io.obj           | WARNING MTL texture map type not supported: 'map_Ka ./texture.png'
00:00.273  io.obj           | WARNING MTL texture map type not supported: 'map_Ka ./texture.png'
00:00.273  io.obj           | WARNING MTL texture map type not supported: 'map_Ka ./texture.png'
00:00.273  io.obj           | WARNING MTL texture map type not supported: 'map_Ka ./texture.png'
00:00.273  io.obj           | WARNING MTL texture map type not supported: 'map_Ka ./texture.png'
00:00.273  io.obj           | WARNING MTL texture map type not supported: 'map_Ka ./texture.png'
00:00.292  cycles           | WARNING HIPEW initialization failed: Error opening HIP dynamic library
00:03.513  render           | Saved: '/home/ky/Experiments/1+1+1/Interior design/LAYRA/3D_Front_visualization/output/0a9c667d-033d-448c-b17c-dc55e6d3c386/0a9c667d-033d-448c-b17c-dc55e6d3c386_DiningRoom_topdown.png'
[构建器] input  = /home/ky/Experiments/1+1+1/Interior design/LAYRA/3D_Front_visualization/3D_Front_example/0a9c667d-033d-448c-b17c-dc55e6d3c386.json
[构建器] dataset= /home/ky/Experiments/1+1+1/Interior design/LAYRA/3d-future-model/3D-FUTURE-model

[构建器] === 处理 0a9c667d-033d-448c-b17c-dc55e6d3c386.json ===
  [跳过房间] type=Hallway idx=0: 不匹配 --room-filter='DiningRoom'
[构建器] 警告：找不到家具模型，已跳过 -> /home/ky/Experiments/1+1+1/Interior design/LAYRA/3d-future-model/3D-FUTURE-model/7c74a029-5e09-4860-8e1d-a697b7390d9d/raw_model.obj, /home/ky/Experiments/1+1+1/Interior design/LAYRA/3d-future-model/3D-FUTURE-model/1797/raw_model.obj
[构建器] 警告：找不到家具模型，已跳过 -> /home/ky/Experiments/1+1+1/Interior design/LAYRA/3d-future-model/3D-FUTURE-model/6e86d61e-15ae-45f5-acf5-30f08fba01d4/raw_model.obj, /home/ky/Experiments/1+1+1/Interior design/LAYRA/3d-future-model/3D-FUTURE-model/8555/raw_model.obj
[构建器] 警告：找不到家具模型，已跳过 -> /home/ky/Experiments/1+1+1/Interior design/LAYRA/3d-future-model/3D-FUTURE-model/e3ce898f-ac18-46ec-a532-ee4f5d05d916/raw_model.obj, /home/ky/Experiments/1+1+1/Interior design/LAYRA/3d-future-model/3D-FUTURE-model/8558/raw_model.obj
[构建器] 家具 32bac62d-d3dc-4e53-aa41-80abb3c5aa03: 贴图节点 1 个, 已修复 0 个
[构建器] 家具 ca52f083-d5d8-435b-8cc9-c1ebc84bc3bf: 贴图节点 1 个, 已修复 0 个
[构建器] 家具 ca52f083-d5d8-435b-8cc9-c1ebc84bc3bf: 贴图节点 1 个, 已修复 0 个
[构建器] 家具 ca52f083-d5d8-435b-8cc9-c1ebc84bc3bf: 贴图节点 1 个, 已修复 0 个
[构建器] 家具 ca52f083-d5d8-435b-8cc9-c1ebc84bc3bf: 贴图节点 1 个, 已修复 0 个
[构建器] 家具 2c5e4742-bfa2-46f7-9387-9c8985d68104: 贴图节点 1 个, 已修复 0 个
  [跳过家具] model=56f8a323-faf3-4928-b531-a0850ebe1365 原因=super-category:Lighting
[构建器] 警告：找不到家具模型，已跳过 -> /home/ky/Experiments/1+1+1/Interior design/LAYRA/3d-future-model/3D-FUTURE-model/1149fe45-b41f-4264-8155-3e681ead2807/raw_model.obj, /home/ky/Experiments/1+1+1/Interior design/LAYRA/3d-future-model/3D-FUTURE-model/10996/raw_model.obj
  [跳过家具] model=2ef39c4c-d2ff-4378-907a-a26fff4ab1a2 原因=super-category:Lighting
  [跳过家具] model=2ef39c4c-d2ff-4378-907a-a26fff4ab1a2 原因=super-category:Lighting
  [房间] type=DiningRoom idx=1: 地板 1 件, 家具已放 6, 跳过 7
  [跳过房间] type=MasterBedroom idx=2: 不匹配 --room-filter='DiningRoom'
  [跳过房间] type=LivingRoom idx=3: 不匹配 --room-filter='DiningRoom'
  [跳过房间] type=SecondBedroom idx=4: 不匹配 --room-filter='DiningRoom'
  [跳过房间] type=Kitchen idx=5: 不匹配 --room-filter='DiningRoom'
  [跳过房间] type=Bathroom idx=6: 不匹配 --room-filter='DiningRoom'
  [跳过房间] type=OtherRoom idx=7: 不匹配 --room-filter='DiningRoom'
[构建器] 渲染 0a9c667d-033d-448c-b17c-dc55e6d3c386_DiningRoom_topdown.png（引擎=CYCLES）…
Info: Saved as "0a9c667d-033d-448c-b17c-dc55e6d3c386_furnished.blend"
[构建器] 已保存场景 -> /home/ky/Experiments/1+1+1/Interior design/LAYRA/3D_Front_visualization/output/0a9c667d-033d-448c-b17c-dc55e6d3c386/0a9c667d-033d-448c-b17c-dc55e6d3c386_furnished.blend

[构建器] 完成：处理 1 个 JSON，共 8 个房间，渲染 1 张 top2down。
Blender 5.1.2 (hash ec6e62d40fa9 built 2026-05-19 02:18:37)
OBJ import of 'raw_model.obj' took 18.42 ms
OBJ import of 'raw_model.obj' took 4.04 ms
OBJ import of 'raw_model.obj' took 3.71 ms
OBJ import of 'raw_model.obj' took 3.23 ms
OBJ import of 'raw_model.obj' took 3.20 ms
OBJ import of 'raw_model.obj' took 10.63 ms

Blender quit
