[启动器] 命令: /home/ky/Desktop/blender-5.1.2-linux-x64/blender -b --python /home/ky/Experiments/1+1+1/Interior design/LAYRA/3D_Front_visualization/visualization/threefront_renderer.py -- --input /home/ky/Experiments/1+1+1/Interior design/LAYRA/3D_Front_visualization/3D_Front_example/0a8d471a-2587-458a-9214-586e003e9cf9.json --output-dir /home/ky/Experiments/1+1+1/Interior design/LAYRA/3D_Front_visualization/output/0a8d471a-2587-458a-9214-586e003e9cf9 --room-filter LivingDiningRoom --dataset /home/ky/Experiments/1+1+1/Interior design/LAYRA/3d-future-model/3D-FUTURE-model --texture-root /TODO/替换为你的/3D-Front-texture/根目录 --category-json /home/ky/Experiments/1+1+1/Interior design/LAYRA/3D_Front_visualization/model_info.json --skip-categories 吊灯,chandelier,ceiling lamp,pendant,ceiling light, Lighting --skip-model-ids  --furniture-scale 1.0 --roughness 1.0 --pre-rot 0.0 0.0 0.0 --keep-mesh-types Floor --render-engine cycles --render-resolution 1024 --topdown-margin 0.08 --render-samples 128 --topdown-scope scene
[启动器] 时间: 20260902_154927
00:00.251  io.obj           | WARNING MTL texture map type not supported: 'map_Ka ./texture.png'
00:00.251  io.obj           | WARNING MTL texture map type not supported: 'map_Ka ./texture.png'
00:00.251  io.obj           | WARNING MTL texture map type not supported: 'map_Ka ./texture.png'
00:00.251  io.obj           | WARNING MTL texture map type not supported: 'map_Ka ./texture.png'
00:00.273  io.obj           | WARNING MTL texture map type not supported: 'map_Ka ./texture.png'
00:00.273  io.obj           | WARNING MTL texture map type not supported: 'map_Ka ./texture.png'
00:00.273  io.obj           | WARNING MTL texture map type not supported: 'map_Ka ./texture.png'
00:00.277  io.obj           | WARNING MTL texture map type not supported: 'map_Ka ./texture.png'
00:00.277  io.obj           | WARNING MTL texture map type not supported: 'map_Ka ./texture.png'
00:00.281  io.obj           | WARNING MTL texture map type not supported: 'map_Ka ./texture.png'
00:00.289  io.obj           | WARNING MTL texture map type not supported: 'map_Ka ./texture.png'
00:00.289  io.obj           | WARNING MTL texture map type not supported: 'map_Ka ./texture.png'
00:00.289  io.obj           | WARNING MTL texture map type not supported: 'map_Ka ./texture.png'
00:00.289  io.obj           | WARNING MTL texture map type not supported: 'map_Ka ./texture.png'
00:00.289  io.obj           | WARNING MTL texture map type not supported: 'map_Ka ./texture.png'
00:00.297  io.obj           | WARNING MTL texture map type not supported: 'map_Ka ./texture.png'
00:00.297  io.obj           | WARNING MTL texture map type not supported: 'map_Ka ./texture.png'
00:00.297  io.obj           | WARNING MTL texture map type not supported: 'map_Ka ./texture.png'
00:00.305  io.obj           | WARNING MTL texture map type not supported: 'map_Ka ./texture.png'
00:00.305  io.obj           | WARNING MTL texture map type not supported: 'map_Ka ./texture.png'
00:00.305  io.obj           | WARNING MTL texture map type not supported: 'map_Ka ./texture.png'
00:00.312  io.obj           | WARNING MTL texture map type not supported: 'map_Ka ./texture.png'
00:00.312  io.obj           | WARNING MTL texture map type not supported: 'map_Ka ./texture.png'
00:00.312  io.obj           | WARNING MTL texture map type not supported: 'map_Ka ./texture.png'
00:00.319  io.obj           | WARNING MTL texture map type not supported: 'map_Ka ./texture.png'
00:00.319  io.obj           | WARNING MTL texture map type not supported: 'map_Ka ./texture.png'
00:00.319  io.obj           | WARNING MTL texture map type not supported: 'map_Ka ./texture.png'
00:00.336  cycles           | WARNING HIPEW initialization failed: Error opening HIP dynamic library
00:03.851  render           | Saved: '/home/ky/Experiments/1+1+1/Interior design/LAYRA/3D_Front_visualization/output/0a8d471a-2587-458a-9214-586e003e9cf9/0a8d471a-2587-458a-9214-586e003e9cf9_LivingDiningRoom_topdown.png'
[构建器] input  = /home/ky/Experiments/1+1+1/Interior design/LAYRA/3D_Front_visualization/3D_Front_example/0a8d471a-2587-458a-9214-586e003e9cf9.json
[构建器] dataset= /home/ky/Experiments/1+1+1/Interior design/LAYRA/3d-future-model/3D-FUTURE-model

[构建器] === 处理 0a8d471a-2587-458a-9214-586e003e9cf9.json ===
[构建器] 警告：找不到家具模型，已跳过 -> /home/ky/Experiments/1+1+1/Interior design/LAYRA/3d-future-model/3D-FUTURE-model/a3017175-01da-4bbb-a3f4-aa896e3fa604/raw_model.obj, /home/ky/Experiments/1+1+1/Interior design/LAYRA/3d-future-model/3D-FUTURE-model/3120/raw_model.obj
[构建器] 警告：找不到家具模型，已跳过 -> /home/ky/Experiments/1+1+1/Interior design/LAYRA/3d-future-model/3D-FUTURE-model/161c86f3-1eaa-40e3-b412-900bc71d85ee/raw_model.obj, /home/ky/Experiments/1+1+1/Interior design/LAYRA/3d-future-model/3D-FUTURE-model/3127/raw_model.obj
[构建器] 家具 6016e4da-6365-4b64-a6c1-468be224aa11: 贴图节点 1 个, 已修复 0 个
[构建器] 家具 c49a5bcf-1419-4b1d-90e8-71335389e550: 贴图节点 1 个, 已修复 0 个
[构建器] 家具 0ecff51f-5f8e-4ac7-b28a-d98d19446ff2: 贴图节点 1 个, 已修复 0 个
[构建器] 家具 75fd3650-4824-4ab2-81f8-1cc9423c2b56: 贴图节点 1 个, 已修复 0 个
[构建器] 警告：找不到家具模型，已跳过 -> /home/ky/Experiments/1+1+1/Interior design/LAYRA/3d-future-model/3D-FUTURE-model/3bf9fca8-790f-452a-8e62-4d6c928e099a/raw_model.obj, /home/ky/Experiments/1+1+1/Interior design/LAYRA/3d-future-model/3D-FUTURE-model/2021159106489566162112/raw_model.obj
  [跳过家具] model=ab7e9c56-b5b2-4dd8-ae70-fb293448d95f 原因=super-category:Lighting
  [跳过家具] model=af22d4a3-6e34-45d2-afef-c3e9f6838043 原因=super-category:Lighting
[构建器] 家具 362671bf-ebc0-49cd-a3d6-a91b5d62ecb3: 贴图节点 1 个, 已修复 0 个
[构建器] 家具 6c265549-4946-41d2-96b0-0e0bd3d2089f: 贴图节点 1 个, 已修复 0 个
[构建器] 家具 6c265549-4946-41d2-96b0-0e0bd3d2089f: 贴图节点 1 个, 已修复 0 个
[构建器] 家具 6c265549-4946-41d2-96b0-0e0bd3d2089f: 贴图节点 1 个, 已修复 0 个
[构建器] 家具 6c265549-4946-41d2-96b0-0e0bd3d2089f: 贴图节点 1 个, 已修复 0 个
  [房间] type=LivingDiningRoom idx=0: 地板 1 件, 家具已放 9, 跳过 5
  [跳过房间] type=MasterBedroom idx=1: 不匹配 --room-filter='LivingDiningRoom'
  [跳过房间] type=Library idx=2: 不匹配 --room-filter='LivingDiningRoom'
  [跳过房间] type=Hallway idx=3: 不匹配 --room-filter='LivingDiningRoom'
  [跳过房间] type=Kitchen idx=4: 不匹配 --room-filter='LivingDiningRoom'
  [跳过房间] type=MasterBathroom idx=5: 不匹配 --room-filter='LivingDiningRoom'
  [跳过房间] type=SecondBathroom idx=6: 不匹配 --room-filter='LivingDiningRoom'
  [跳过房间] type=Aisle idx=7: 不匹配 --room-filter='LivingDiningRoom'
[构建器] 渲染 0a8d471a-2587-458a-9214-586e003e9cf9_LivingDiningRoom_topdown.png（引擎=CYCLES）…
Info: Saved as "0a8d471a-2587-458a-9214-586e003e9cf9_furnished.blend"
[构建器] 已保存场景 -> /home/ky/Experiments/1+1+1/Interior design/LAYRA/3D_Front_visualization/output/0a8d471a-2587-458a-9214-586e003e9cf9/0a8d471a-2587-458a-9214-586e003e9cf9_furnished.blend

[构建器] 完成：处理 1 个 JSON，共 8 个房间，渲染 1 张 top2down。
Blender 5.1.2 (hash ec6e62d40fa9 built 2026-05-19 02:18:37)
OBJ import of 'raw_model.obj' took 22.94 ms
OBJ import of 'raw_model.obj' took 3.56 ms
OBJ import of 'raw_model.obj' took 1.63 ms
OBJ import of 'raw_model.obj' took 6.43 ms
OBJ import of 'raw_model.obj' took 6.70 ms
OBJ import of 'raw_model.obj' took 7.16 ms
OBJ import of 'raw_model.obj' took 5.77 ms
OBJ import of 'raw_model.obj' took 5.34 ms
OBJ import of 'raw_model.obj' took 5.02 ms

Blender quit
