[启动器] 命令: /home/ky/Desktop/blender-5.1.2-linux-x64/blender -b --python /home/ky/Experiments/1+1+1/Interior design/LAYRA/3D_Front_visualization/visualization/threefront_renderer.py -- --input /home/ky/Experiments/1+1+1/Interior design/LAYRA/3D_Front_visualization/3D_Front_example/0a8d471a-2587-458a-9214-586e003e9cf9.json --output-dir /home/ky/Experiments/1+1+1/Interior design/LAYRA/3D_Front_visualization/output/0a8d471a-2587-458a-9214-586e003e9cf9 --room-filter MasterBedroom --dataset /home/ky/Experiments/1+1+1/Interior design/LAYRA/3d-future-model/3D-FUTURE-model --texture-root /TODO/替换为你的/3D-Front-texture/根目录 --category-json /home/ky/Experiments/1+1+1/Interior design/LAYRA/3D_Front_visualization/model_info.json --skip-categories 吊灯,chandelier,ceiling lamp,pendant,ceiling light, Lighting --skip-model-ids  --furniture-scale 1.0 --roughness 1.0 --pre-rot 0.0 0.0 0.0 --keep-mesh-types Floor --render-engine cycles --render-resolution 1024 --topdown-margin 0.08 --render-samples 128 --topdown-scope scene
[启动器] 时间: 20260902_154931
00:00.237  io.obj           | WARNING MTL texture map type not supported: 'map_Ka ./texture.png'
00:00.237  io.obj           | WARNING MTL texture map type not supported: 'map_Ka ./texture.png'
00:00.237  io.obj           | WARNING MTL texture map type not supported: 'map_Ka ./texture.png'
00:00.237  io.obj           | WARNING MTL texture map type not supported: 'map_Ka ./texture.png'
00:00.237  io.obj           | WARNING MTL texture map type not supported: 'map_Ka ./texture.png'
00:00.237  io.obj           | WARNING MTL texture map type not supported: 'map_Ka ./texture.png'
00:00.237  io.obj           | WARNING MTL texture map type not supported: 'map_Ka ./texture.png'
00:00.237  io.obj           | WARNING MTL texture map type not supported: 'map_Ka ./texture.png'
00:00.273  cycles           | WARNING HIPEW initialization failed: Error opening HIP dynamic library
00:04.004  render           | Saved: '/home/ky/Experiments/1+1+1/Interior design/LAYRA/3D_Front_visualization/output/0a8d471a-2587-458a-9214-586e003e9cf9/0a8d471a-2587-458a-9214-586e003e9cf9_MasterBedroom_topdown.png'
[构建器] input  = /home/ky/Experiments/1+1+1/Interior design/LAYRA/3D_Front_visualization/3D_Front_example/0a8d471a-2587-458a-9214-586e003e9cf9.json
[构建器] dataset= /home/ky/Experiments/1+1+1/Interior design/LAYRA/3d-future-model/3D-FUTURE-model

[构建器] === 处理 0a8d471a-2587-458a-9214-586e003e9cf9.json ===
  [跳过房间] type=LivingDiningRoom idx=0: 不匹配 --room-filter='MasterBedroom'
[构建器] 警告：找不到家具模型，已跳过 -> /home/ky/Experiments/1+1+1/Interior design/LAYRA/3d-future-model/3D-FUTURE-model/a3017175-01da-4bbb-a3f4-aa896e3fa604/raw_model.obj, /home/ky/Experiments/1+1+1/Interior design/LAYRA/3d-future-model/3D-FUTURE-model/3120/raw_model.obj
[构建器] 家具 92ce4988-7ee2-43ae-bbf0-14ca93b8aceb: 贴图节点 1 个, 已修复 0 个
  [房间] type=MasterBedroom idx=1: 地板 1 件, 家具已放 1, 跳过 1
  [跳过房间] type=Library idx=2: 不匹配 --room-filter='MasterBedroom'
  [跳过房间] type=Hallway idx=3: 不匹配 --room-filter='MasterBedroom'
  [跳过房间] type=Kitchen idx=4: 不匹配 --room-filter='MasterBedroom'
  [跳过房间] type=MasterBathroom idx=5: 不匹配 --room-filter='MasterBedroom'
  [跳过房间] type=SecondBathroom idx=6: 不匹配 --room-filter='MasterBedroom'
  [跳过房间] type=Aisle idx=7: 不匹配 --room-filter='MasterBedroom'
[构建器] 渲染 0a8d471a-2587-458a-9214-586e003e9cf9_MasterBedroom_topdown.png（引擎=CYCLES）…
Info: Saved as "0a8d471a-2587-458a-9214-586e003e9cf9_furnished.blend"
[构建器] 已保存场景 -> /home/ky/Experiments/1+1+1/Interior design/LAYRA/3D_Front_visualization/output/0a8d471a-2587-458a-9214-586e003e9cf9/0a8d471a-2587-458a-9214-586e003e9cf9_furnished.blend

[构建器] 完成：处理 1 个 JSON，共 8 个房间，渲染 1 张 top2down。
Blender 5.1.2 (hash ec6e62d40fa9 built 2026-05-19 02:18:37)
OBJ import of 'raw_model.obj' took 29.78 ms

Blender quit
