[启动器] 命令: /home/ky/Desktop/blender-5.1.2-linux-x64/blender -b --python /home/ky/Experiments/1+1+1/Interior design/LAYRA/3D_Front_visualization/visualization/threefront_renderer.py -- --input /home/ky/Experiments/1+1+1/Interior design/LAYRA/3D_Front_visualization/3D_Front_example/0a8d471a-2587-458a-9214-586e003e9cf9.json --output-dir /home/ky/Experiments/1+1+1/Interior design/LAYRA/3D_Front_visualization/output/0a8d471a-2587-458a-9214-586e003e9cf9 --room-filter Aisle --dataset /home/ky/Experiments/1+1+1/Interior design/LAYRA/3d-future-model/3D-FUTURE-model --texture-root /TODO/替换为你的/3D-Front-texture/根目录 --category-json /home/ky/Experiments/1+1+1/Interior design/LAYRA/3D_Front_visualization/model_info.json --skip-categories 吊灯,chandelier,ceiling lamp,pendant,ceiling light, Lighting --skip-model-ids  --furniture-scale 1.0 --roughness 1.0 --pre-rot 0.0 0.0 0.0 --keep-mesh-types Floor --render-engine cycles --render-resolution 1024 --topdown-margin 0.08 --render-samples 128 --topdown-scope scene
[启动器] 时间: 20260902_154956
00:00.258  cycles           | WARNING HIPEW initialization failed: Error opening HIP dynamic library
00:03.454  render           | Saved: '/home/ky/Experiments/1+1+1/Interior design/LAYRA/3D_Front_visualization/output/0a8d471a-2587-458a-9214-586e003e9cf9/0a8d471a-2587-458a-9214-586e003e9cf9_Aisle_topdown.png'
[构建器] input  = /home/ky/Experiments/1+1+1/Interior design/LAYRA/3D_Front_visualization/3D_Front_example/0a8d471a-2587-458a-9214-586e003e9cf9.json
[构建器] dataset= /home/ky/Experiments/1+1+1/Interior design/LAYRA/3d-future-model/3D-FUTURE-model

[构建器] === 处理 0a8d471a-2587-458a-9214-586e003e9cf9.json ===
  [跳过房间] type=LivingDiningRoom idx=0: 不匹配 --room-filter='Aisle'
  [跳过房间] type=MasterBedroom idx=1: 不匹配 --room-filter='Aisle'
  [跳过房间] type=Library idx=2: 不匹配 --room-filter='Aisle'
  [跳过房间] type=Hallway idx=3: 不匹配 --room-filter='Aisle'
  [跳过房间] type=Kitchen idx=4: 不匹配 --room-filter='Aisle'
  [跳过房间] type=MasterBathroom idx=5: 不匹配 --room-filter='Aisle'
  [跳过房间] type=SecondBathroom idx=6: 不匹配 --room-filter='Aisle'
[构建器] 警告：找不到家具模型，已跳过 -> /home/ky/Experiments/1+1+1/Interior design/LAYRA/3d-future-model/3D-FUTURE-model/028efd28-be49-4d92-8d68-5b938272b5ff/raw_model.obj, /home/ky/Experiments/1+1+1/Interior design/LAYRA/3d-future-model/3D-FUTURE-model/8313/raw_model.obj
[构建器] 警告：找不到家具模型，已跳过 -> /home/ky/Experiments/1+1+1/Interior design/LAYRA/3d-future-model/3D-FUTURE-model/028efd28-be49-4d92-8d68-5b938272b5ff/raw_model.obj, /home/ky/Experiments/1+1+1/Interior design/LAYRA/3d-future-model/3D-FUTURE-model/8313/raw_model.obj
  [房间] type=Aisle idx=7: 地板 1 件, 家具已放 0, 跳过 2
[构建器] 渲染 0a8d471a-2587-458a-9214-586e003e9cf9_Aisle_topdown.png（引擎=CYCLES）…
Info: Saved as "0a8d471a-2587-458a-9214-586e003e9cf9_furnished.blend"
[构建器] 已保存场景 -> /home/ky/Experiments/1+1+1/Interior design/LAYRA/3D_Front_visualization/output/0a8d471a-2587-458a-9214-586e003e9cf9/0a8d471a-2587-458a-9214-586e003e9cf9_furnished.blend

[构建器] 完成：处理 1 个 JSON，共 8 个房间，渲染 1 张 top2down。
Blender 5.1.2 (hash ec6e62d40fa9 built 2026-05-19 02:18:37)

Blender quit
