[启动器] 命令: /home/ky/Desktop/blender-5.1.2-linux-x64/blender -b --python /home/ky/Experiments/1+1+1/Interior design/LAYRA/3D_Front_visualization/visualization/threefront_renderer.py -- --input /home/ky/Experiments/1+1+1/Interior design/LAYRA/3D_Front_visualization/3D_Front_example/0a8d471a-2587-458a-9214-586e003e9cf9.json --output-dir /home/ky/Experiments/1+1+1/Interior design/LAYRA/3D_Front_visualization/output/0a8d471a-2587-458a-9214-586e003e9cf9 --room-filter Hallway --dataset /home/ky/Experiments/1+1+1/Interior design/LAYRA/3d-future-model/3D-FUTURE-model --texture-root /TODO/替换为你的/3D-Front-texture/根目录 --category-json /home/ky/Experiments/1+1+1/Interior design/LAYRA/3D_Front_visualization/model_info.json --skip-categories 吊灯,chandelier,ceiling lamp,pendant,ceiling light, Lighting --skip-model-ids  --furniture-scale 1.0 --roughness 1.0 --pre-rot 0.0 0.0 0.0 --keep-mesh-types Floor --render-engine cycles --render-resolution 1024 --topdown-margin 0.08 --render-samples 128 --topdown-scope scene
[启动器] 时间: 20260902_153856
00:00.236  io.obj           | WARNING MTL texture map type not supported: 'map_Ka ./texture.png'
00:00.236  io.obj           | WARNING MTL texture map type not supported: 'map_Ka ./texture.png'
00:00.236  io.obj           | WARNING MTL texture map type not supported: 'map_Ka ./texture.png'
00:00.257  io.obj           | WARNING MTL texture map type not supported: 'map_Ka ./texture.png'
00:00.257  io.obj           | WARNING MTL texture map type not supported: 'map_Ka ./texture.png'
00:00.257  io.obj           | WARNING MTL texture map type not supported: 'map_Ka ./texture.png'
00:00.274  cycles           | WARNING HIPEW initialization failed: Error opening HIP dynamic library
00:04.346  render           | Saved: '/home/ky/Experiments/1+1+1/Interior design/LAYRA/3D_Front_visualization/output/0a8d471a-2587-458a-9214-586e003e9cf9/0a8d471a-2587-458a-9214-586e003e9cf9_Hallway_topdown.png'
[构建器] input  = /home/ky/Experiments/1+1+1/Interior design/LAYRA/3D_Front_visualization/3D_Front_example/0a8d471a-2587-458a-9214-586e003e9cf9.json
[构建器] dataset= /home/ky/Experiments/1+1+1/Interior design/LAYRA/3d-future-model/3D-FUTURE-model

[构建器] === 处理 0a8d471a-2587-458a-9214-586e003e9cf9.json ===
  [跳过房间] type=LivingDiningRoom idx=0: 不匹配 --room-filter='Hallway'
  [跳过房间] type=MasterBedroom idx=1: 不匹配 --room-filter='Hallway'
  [跳过房间] type=Library idx=2: 不匹配 --room-filter='Hallway'
[构建器] 家具 649b47a1-6a62-4b39-8fc7-5a92c9932a65: 贴图节点 1 个, 已修复 0 个
[构建器] 家具 83aefbbf-4461-40a6-b73a-79a93b4fbd4b: 贴图节点 1 个, 已修复 0 个
  [跳过家具] model=6fab9863-0ce3-4060-ba2f-d36d4b9c8336 原因=super-category:Lighting
[构建器] 警告：找不到家具模型，已跳过 -> /home/ky/Experiments/1+1+1/Interior design/LAYRA/3d-future-model/3D-FUTURE-model/5e7e78dc-d24c-439f-ac53-2cd6c6e64d8f/raw_model.obj, /home/ky/Experiments/1+1+1/Interior design/LAYRA/3d-future-model/3D-FUTURE-model/9103/raw_model.obj
  [房间] type=Hallway idx=3: 地板 1 件, 家具已放 2, 跳过 2
  [跳过房间] type=Kitchen idx=4: 不匹配 --room-filter='Hallway'
  [跳过房间] type=MasterBathroom idx=5: 不匹配 --room-filter='Hallway'
  [跳过房间] type=SecondBathroom idx=6: 不匹配 --room-filter='Hallway'
  [跳过房间] type=Aisle idx=7: 不匹配 --room-filter='Hallway'
[构建器] 渲染 0a8d471a-2587-458a-9214-586e003e9cf9_Hallway_topdown.png（引擎=CYCLES）…
Info: Saved as "0a8d471a-2587-458a-9214-586e003e9cf9_furnished.blend"
[构建器] 已保存场景 -> /home/ky/Experiments/1+1+1/Interior design/LAYRA/3D_Front_visualization/output/0a8d471a-2587-458a-9214-586e003e9cf9/0a8d471a-2587-458a-9214-586e003e9cf9_furnished.blend

[构建器] 完成：处理 1 个 JSON，共 8 个房间，渲染 1 张 top2down。
Blender 5.1.2 (hash ec6e62d40fa9 built 2026-05-19 02:18:37)
OBJ import of 'raw_model.obj' took 18.67 ms
OBJ import of 'raw_model.obj' took 9.14 ms

Blender quit
