[启动器] 命令: /home/ky/Desktop/blender-5.1.2-linux-x64/blender -b --python /home/ky/Experiments/1+1+1/Interior design/LAYRA/3D_Front_visualization/visualization/threefront_renderer.py -- --input /home/ky/Experiments/1+1+1/Interior design/LAYRA/3D_Front_visualization/3D_Front_example/0a17c68b-b74d-4d81-afe4-bc2ed405f0ec.json --output-dir /home/ky/Experiments/1+1+1/Interior design/LAYRA/3D_Front_visualization/output/exp1/LivingDiningRoom/0a17c68b-b74d-4d81-afe4-bc2ed405f0ec --room-filter LivingDiningRoom --dataset /home/ky/Experiments/1+1+1/Interior design/LAYRA/3d-future-model/3D-FUTURE-model --texture-root /TODO/替换为你的/3D-Front-texture/根目录 --category-json /home/ky/Experiments/1+1+1/Interior design/LAYRA/3D_Front_visualization/model_info.json --skip-categories 吊灯,chandelier,ceiling lamp,pendant,ceiling light, Lighting --skip-model-ids  --furniture-scale 1.0 --roughness 1.0 --pre-rot 0.0 0.0 0.0 --keep-mesh-types Floor --render-engine cycles --render-resolution 1024 --topdown-margin 0.08 --render-samples 128 --topdown-scope scene --no-save-blend
[启动器] 时间: 20260902_162717
00:00.174  io.obj           | WARNING MTL texture map type not supported: 'map_Ka ./texture.png'
00:00.174  io.obj           | WARNING MTL texture map type not supported: 'map_Ka ./texture.png'
00:00.174  io.obj           | WARNING MTL texture map type not supported: 'map_Ka ./texture.png'
00:00.191  io.obj           | WARNING MTL texture map type not supported: 'map_Ka ./texture.png'
00:00.191  io.obj           | WARNING MTL texture map type not supported: 'map_Ka ./texture.png'
00:00.191  io.obj           | WARNING MTL texture map type not supported: 'map_Ka ./texture.png'
00:00.191  io.obj           | WARNING MTL texture map type not supported: 'map_Ka ./texture.png'
00:00.191  io.obj           | WARNING MTL texture map type not supported: 'map_Ka ./texture.png'
00:00.191  io.obj           | WARNING MTL texture map type not supported: 'map_Ka ./texture.png'
00:00.205  io.obj           | WARNING MTL texture map type not supported: 'map_Ka ./texture.png'
00:00.205  io.obj           | WARNING MTL texture map type not supported: 'map_Ka ./texture.png'
00:00.206  io.obj           | WARNING MTL texture map type not supported: 'map_Ka ./texture.png'
00:00.206  io.obj           | WARNING MTL texture map type not supported: 'map_Ka ./texture.png'
00:00.206  io.obj           | WARNING MTL texture map type not supported: 'map_Ka ./texture.png'
00:00.209  io.obj           | WARNING MTL texture map type not supported: 'map_Ka ./texture.png'
00:00.209  io.obj           | WARNING MTL texture map type not supported: 'map_Ka ./texture.png'
00:00.216  io.obj           | WARNING MTL texture map type not supported: 'map_Ka ./texture.png'
00:00.216  io.obj           | WARNING MTL texture map type not supported: 'map_Ka ./texture.png'
00:00.223  io.obj           | WARNING MTL texture map type not supported: 'map_Ka ./texture.png'
00:00.223  io.obj           | WARNING MTL texture map type not supported: 'map_Ka ./texture.png'
00:00.229  io.obj           | WARNING MTL texture map type not supported: 'map_Ka ./texture.png'
00:00.229  io.obj           | WARNING MTL texture map type not supported: 'map_Ka ./texture.png'
00:00.234  io.obj           | WARNING MTL texture map type not supported: 'map_Ka ./texture.png'
00:00.234  io.obj           | WARNING MTL texture map type not supported: 'map_Ka ./texture.png'
00:00.269  cycles           | WARNING HIPEW initialization failed: Error opening HIP dynamic library
00:03.228  render           | Saved: '/home/ky/Experiments/1+1+1/Interior design/LAYRA/3D_Front_visualization/output/exp1/LivingDiningRoom/0a17c68b-b74d-4d81-afe4-bc2ed405f0ec/0a17c68b-b74d-4d81-afe4-bc2ed405f0ec_LivingDiningRoom_topdown.png'
[构建器] input  = /home/ky/Experiments/1+1+1/Interior design/LAYRA/3D_Front_visualization/3D_Front_example/0a17c68b-b74d-4d81-afe4-bc2ed405f0ec.json
[构建器] dataset= /home/ky/Experiments/1+1+1/Interior design/LAYRA/3d-future-model/3D-FUTURE-model

[构建器] === 处理 0a17c68b-b74d-4d81-afe4-bc2ed405f0ec.json ===
  [跳过房间] type=Balcony idx=0: 不匹配 --room-filter='LivingDiningRoom'
[构建器] 警告：找不到家具模型，已跳过 -> /home/ky/Experiments/1+1+1/Interior design/LAYRA/3d-future-model/3D-FUTURE-model/e37b20db-f86f-493f-a758-d8c0ac96e228/raw_model.obj, /home/ky/Experiments/1+1+1/Interior design/LAYRA/3d-future-model/3D-FUTURE-model/5161/raw_model.obj
[构建器] 家具 c46211a7-2f21-4bed-95ed-30d39ad2a59d: 贴图节点 1 个, 已修复 0 个
[构建器] 家具 c46211a7-2f21-4bed-95ed-30d39ad2a59d: 按 size 重新缩放 (4.200x0.520x2.780 -> 1.000x1.000x1.000)
[构建器] 家具 4e269ffb-09ac-4244-a680-db65bbc33980: 贴图节点 1 个, 已修复 0 个
[构建器] 家具 4e269ffb-09ac-4244-a680-db65bbc33980: 按 size 重新缩放 (3.970x2.386x0.981 -> 1.000x1.000x1.000)
[构建器] 家具 6d8cb6d1-1ed9-4af9-9249-ede2906b0834: 贴图节点 2 个, 已修复 0 个
[构建器] 家具 6d8cb6d1-1ed9-4af9-9249-ede2906b0834: 按 size 重新缩放 (0.775x0.469x0.310 -> 1.000x1.000x1.000)
[构建器] 家具 5248bb82-aece-4429-9b83-3940578043e1: 贴图节点 1 个, 已修复 0 个
[构建器] 家具 5248bb82-aece-4429-9b83-3940578043e1: 按 size 重新缩放 (1.993x0.904x0.940 -> 1.000x1.000x1.000)
[构建器] 家具 00883cfc-9ec8-4494-bc40-6c768d4ed9d9: 贴图节点 2 个, 已修复 0 个
[构建器] 家具 00883cfc-9ec8-4494-bc40-6c768d4ed9d9: 按 size 重新缩放 (0.524x0.575x0.968 -> 1.000x1.000x1.000)
[构建器] 家具 00883cfc-9ec8-4494-bc40-6c768d4ed9d9: 贴图节点 2 个, 已修复 0 个
[构建器] 家具 00883cfc-9ec8-4494-bc40-6c768d4ed9d9: 按 size 重新缩放 (0.524x0.575x0.968 -> 1.000x1.000x1.000)
[构建器] 家具 00883cfc-9ec8-4494-bc40-6c768d4ed9d9: 贴图节点 2 个, 已修复 0 个
[构建器] 家具 00883cfc-9ec8-4494-bc40-6c768d4ed9d9: 按 size 重新缩放 (0.524x0.575x0.968 -> 1.000x1.000x1.000)
[构建器] 家具 00883cfc-9ec8-4494-bc40-6c768d4ed9d9: 贴图节点 2 个, 已修复 0 个
[构建器] 家具 00883cfc-9ec8-4494-bc40-6c768d4ed9d9: 按 size 重新缩放 (0.524x0.575x0.968 -> 1.000x1.000x1.000)
[构建器] 警告：找不到家具模型，已跳过 -> /home/ky/Experiments/1+1+1/Interior design/LAYRA/3d-future-model/3D-FUTURE-model/3d488b85-19bc-4a6d-a5c5-eca6a9e10e13/raw_model.obj, /home/ky/Experiments/1+1+1/Interior design/LAYRA/3d-future-model/3D-FUTURE-model/2021159106492909492992/raw_model.obj
[构建器] 家具 7a07c30a-d0da-3f97-9141-41a6d4fa16ba: 贴图节点 1 个, 已修复 0 个
[构建器] 家具 7a07c30a-d0da-3f97-9141-41a6d4fa16ba: 按 size 重新缩放 (99.431x54.055x78.727 -> 1.000x1.000x1.000)
  [跳过家具] model=470c931b-30d9-4817-8040-4bca427ee2aa 原因=super-category:Lighting
  [跳过家具] model=9b69e3d4-bfcc-4e59-bf6b-7e7cc052eac0 原因=super-category:Lighting
  [房间] type=LivingDiningRoom idx=1: 地板 1 件, 家具已放 9, 跳过 4
  [跳过房间] type=Kitchen idx=2: 不匹配 --room-filter='LivingDiningRoom'
  [跳过房间] type=StorageRoom idx=3: 不匹配 --room-filter='LivingDiningRoom'
  [跳过房间] type=Bathroom idx=4: 不匹配 --room-filter='LivingDiningRoom'
  [跳过房间] type=Bedroom idx=5: 不匹配 --room-filter='LivingDiningRoom'
[构建器] 渲染 0a17c68b-b74d-4d81-afe4-bc2ed405f0ec_LivingDiningRoom_topdown.png（引擎=CYCLES）…

[构建器] 完成：处理 1 个 JSON，共 6 个房间，渲染 1 张 top2down。
Blender 5.1.2 (hash ec6e62d40fa9 built 2026-05-19 02:18:37)
OBJ import of 'raw_model.obj' took 10.10 ms
OBJ import of 'raw_model.obj' took 18.45 ms
OBJ import of 'raw_model.obj' took 0.51 ms
OBJ import of 'raw_model.obj' took 0.40 ms
OBJ import of 'raw_model.obj' took 5.95 ms
OBJ import of 'raw_model.obj' took 5.16 ms
OBJ import of 'raw_model.obj' took 5.14 ms
OBJ import of 'raw_model.obj' took 5.14 ms
OBJ import of 'raw_model.obj' took 1.27 ms

Blender quit
