[启动器] 命令: /home/ky/Desktop/blender-5.1.2-linux-x64/blender -b --python /home/ky/Experiments/1+1+1/Interior design/LAYRA/3D_Front_visualization/visualization/threefront_renderer.py -- --input /home/ky/Experiments/1+1+1/Interior design/LAYRA/3D_Front_visualization/3D_Front_example/0a9f5311-49e1-414c-ba7b-b42a171459a3.json --output-dir /home/ky/Experiments/1+1+1/Interior design/LAYRA/3D_Front_visualization/output/exp2/Bedroom/0a9f5311-49e1-414c-ba7b-b42a171459a3_MasterBedroom --room-filter MasterBedroom --dataset /home/ky/Experiments/1+1+1/Interior design/LAYRA/3d-future-model/3D-FUTURE-model --texture-root /TODO/替换为你的/3D-Front-texture/根目录 --category-json /home/ky/Experiments/1+1+1/Interior design/LAYRA/3D_Front_visualization/model_info.json --furniture-library /home/ky/Experiments/1+1+1/Interior design/LAYRA/3D_Front_visualization/furniture_library.json --skip-categories 吊灯,chandelier,ceiling lamp,pendant,ceiling light, Lighting --skip-model-ids  --furniture-scale 1.0 --roughness 1.0 --pre-rot 0.0 0.0 0.0 --keep-mesh-types Floor --render-engine cycles --render-resolution 1024 --topdown-margin 0.08 --render-samples 128 --topdown-scope scene --no-save-blend
[启动器] 时间: 20260902_174906
00:00.331  io.obj           | WARNING MTL texture map type not supported: 'map_Ka ./texture.png'
00:00.331  io.obj           | WARNING MTL texture map type not supported: 'map_Ka ./texture.png'
00:00.331  io.obj           | WARNING MTL texture map type not supported: 'map_Ka ./texture.png'
00:00.331  io.obj           | WARNING MTL texture map type not supported: 'map_Ka ./texture.png'
00:00.331  io.obj           | WARNING MTL texture map type not supported: 'map_Ka ./texture.png'
00:00.331  io.obj           | WARNING MTL texture map type not supported: 'map_Ka ./texture.png'
00:00.362  io.obj           | WARNING MTL texture map type not supported: 'map_Ka ./texture.png'
00:00.362  io.obj           | WARNING MTL texture map type not supported: 'map_Ka ./texture.png'
00:00.362  io.obj           | WARNING MTL texture map type not supported: 'map_Ka ./texture.png'
00:00.371  io.obj           | WARNING MTL texture map type not supported: 'map_Ka ./texture.png'
00:00.371  io.obj           | WARNING MTL texture map type not supported: 'map_Ka ./texture.png'
00:00.371  io.obj           | WARNING MTL texture map type not supported: 'map_Ka ./texture.png'
00:00.371  io.obj           | WARNING MTL texture map type not supported: 'map_Ka ./texture.png'
00:00.371  io.obj           | WARNING MTL texture map type not supported: 'map_Ka ./texture.png'
00:00.371  io.obj           | WARNING MTL texture map type not supported: 'map_Ka ./texture.png'
00:00.371  io.obj           | WARNING MTL texture map type not supported: 'map_Ka ./texture.png'
00:00.371  io.obj           | WARNING MTL texture map type not supported: 'map_Ka ./texture.png'
00:00.371  io.obj           | WARNING MTL texture map type not supported: 'map_Ka ./texture.png'
00:00.377  io.obj           | WARNING MTL texture map type not supported: 'map_Ka ./texture.png'
00:00.377  io.obj           | WARNING MTL texture map type not supported: 'map_Ka ./texture.png'
00:00.377  io.obj           | WARNING MTL texture map type not supported: 'map_Ka ./texture.png'
00:00.377  io.obj           | WARNING MTL texture map type not supported: 'map_Ka ./texture.png'
00:00.377  io.obj           | WARNING MTL texture map type not supported: 'map_Ka ./texture.png'
00:00.377  io.obj           | WARNING MTL texture map type not supported: 'map_Ka ./texture.png'
00:00.394  cycles           | WARNING HIPEW initialization failed: Error opening HIP dynamic library
00:06.003  render           | Saved: '/home/ky/Experiments/1+1+1/Interior design/LAYRA/3D_Front_visualization/output/exp2/Bedroom/0a9f5311-49e1-414c-ba7b-b42a171459a3_MasterBedroom/0a9f5311-49e1-414c-ba7b-b42a171459a3_MasterBedroom_topdown.png'
[构建器] input  = /home/ky/Experiments/1+1+1/Interior design/LAYRA/3D_Front_visualization/3D_Front_example/0a9f5311-49e1-414c-ba7b-b42a171459a3.json
[构建器] dataset= /home/ky/Experiments/1+1+1/Interior design/LAYRA/3d-future-model/3D-FUTURE-model

[构建器] === 处理 0a9f5311-49e1-414c-ba7b-b42a171459a3.json ===
  [提示] 家具 jid=161c86f3 无 size 且尺寸库未收录，无法按真实尺寸校正（可能保留原生单位）。
  [提示] 家具 jid=e5c477b0 无 size 且尺寸库未收录，无法按真实尺寸校正（可能保留原生单位）。
  [提示] 家具 jid=e5c477b0 无 size 且尺寸库未收录，无法按真实尺寸校正（可能保留原生单位）。
  [提示] 家具 jid=e5c477b0 无 size 且尺寸库未收录，无法按真实尺寸校正（可能保留原生单位）。
  [提示] 家具 jid=e5c477b0 无 size 且尺寸库未收录，无法按真实尺寸校正（可能保留原生单位）。
  [提示] 家具 jid=e5c477b0 无 size 且尺寸库未收录，无法按真实尺寸校正（可能保留原生单位）。
  [提示] 家具 jid=e5c477b0 无 size 且尺寸库未收录，无法按真实尺寸校正（可能保留原生单位）。
  [提示] 家具 jid=e5c477b0 无 size 且尺寸库未收录，无法按真实尺寸校正（可能保留原生单位）。
  [提示] 家具 jid=e5c477b0 无 size 且尺寸库未收录，无法按真实尺寸校正（可能保留原生单位）。
  [提示] 家具 jid=161c86f3 无 size 且尺寸库未收录，无法按真实尺寸校正（可能保留原生单位）。
  [提示] 家具 jid=4bb87c37 无 size 且尺寸库未收录，无法按真实尺寸校正（可能保留原生单位）。
  [提示] 家具 jid=ff958559 无 size 且尺寸库未收录，无法按真实尺寸校正（可能保留原生单位）。
  [提示] 家具 jid=ffa699e6 无 size 且尺寸库未收录，无法按真实尺寸校正（可能保留原生单位）。
  [提示] 家具 jid=4bb87c37 无 size 且尺寸库未收录，无法按真实尺寸校正（可能保留原生单位）。
  [提示] 家具 jid=db84c83f 无 size 且尺寸库未收录，无法按真实尺寸校正（可能保留原生单位）。
  [提示] 家具 jid=2c8e8487 无 size 且尺寸库未收录，无法按真实尺寸校正（可能保留原生单位）。
  [提示] 家具 jid=a3017175 无 size 且尺寸库未收录，无法按真实尺寸校正（可能保留原生单位）。
  [提示] 家具 jid=ff958559 无 size 且尺寸库未收录，无法按真实尺寸校正（可能保留原生单位）。
  [提示] 家具 jid=ff958559 无 size 且尺寸库未收录，无法按真实尺寸校正（可能保留原生单位）。
  [提示] 家具 jid=2c8e8487 无 size 且尺寸库未收录，无法按真实尺寸校正（可能保留原生单位）。
  [跳过房间] type=Kitchen idx=0: 不匹配 --room-filter='MasterBedroom'
  [跳过房间] type=Bathroom idx=1: 不匹配 --room-filter='MasterBedroom'
  [跳过房间] type=LivingDiningRoom idx=2: 不匹配 --room-filter='MasterBedroom'
  [跳过房间] type=SecondBedroom idx=3: 不匹配 --room-filter='MasterBedroom'
  [跳过房间] type=Balcony idx=4: 不匹配 --room-filter='MasterBedroom'
[构建器] 家具 8042d0c4-443a-427a-96ee-1fa4fb261da6: 贴图节点 1 个, 已修复 0 个
[构建器] 家具 8042d0c4-443a-427a-96ee-1fa4fb261da6: 按 size 重新缩放 (2.797x2.514x1.293 -> 2.797x2.508x1.293)
[构建器] 家具 5e4c8a81-79dd-43c2-a117-f3b9bda9e560: 贴图节点 1 个, 已修复 0 个
[构建器] 家具 5e4c8a81-79dd-43c2-a117-f3b9bda9e560: 按 size 重新缩放 (0.470x0.470x0.563 -> 0.471x0.471x0.563)
[构建器] 家具 a4876bad-812f-492c-9c0e-35293918aa31: 贴图节点 9 个, 已修复 0 个
[构建器] 家具 a4876bad-812f-492c-9c0e-35293918aa31: 按 size 重新缩放 (2.300x1.900x0.745 -> 2.300x1.900x0.745)
  [跳过家具] model=7be78e99-5ace-466f-84bf-e4509dabebb3 原因=super-category:Lighting
  [跳过家具] model=7be78e99-5ace-466f-84bf-e4509dabebb3 原因=super-category:Lighting
[构建器] 家具 55530170-18d0-4475-b7c6-17918b7ad7b1: 贴图节点 1 个, 已修复 0 个
[构建器] 家具 55530170-18d0-4475-b7c6-17918b7ad7b1: 按 size 重新缩放 (0.648x0.658x0.513 -> 0.599x0.609x0.513)
[构建器] 警告：找不到家具模型，已跳过 -> /home/ky/Experiments/1+1+1/Interior design/LAYRA/3d-future-model/3D-FUTURE-model/2c8e8487-63f8-4b5a-a88e-b526db421f27/raw_model.obj, /home/ky/Experiments/1+1+1/Interior design/LAYRA/3d-future-model/3D-FUTURE-model/11182/raw_model.obj
  [房间] type=MasterBedroom idx=5: 地板 2 件, 家具已放 4, 跳过 3
  [跳过房间] type=Aisle idx=6: 不匹配 --room-filter='MasterBedroom'
  [跳过房间] type=OtherRoom idx=7: 不匹配 --room-filter='MasterBedroom'
  [跳过房间] type=OtherRoom idx=8: 不匹配 --room-filter='MasterBedroom'
  [跳过房间] type=OtherRoom idx=9: 不匹配 --room-filter='MasterBedroom'
[构建器] 渲染 0a9f5311-49e1-414c-ba7b-b42a171459a3_MasterBedroom_topdown.png（引擎=CYCLES）…

[构建器] 完成：处理 1 个 JSON，共 10 个房间，渲染 1 张 top2down。
Blender 5.1.2 (hash ec6e62d40fa9 built 2026-05-19 02:18:37)
OBJ import of 'raw_model.obj' took 35.63 ms
OBJ import of 'raw_model.obj' took 10.98 ms
OBJ import of 'raw_model.obj' took 2.17 ms
OBJ import of 'raw_model.obj' took 5.42 ms

Blender quit
