[启动器] 命令: /home/ky/Desktop/blender-5.1.2-linux-x64/blender -b --python /home/ky/Experiments/1+1+1/Interior design/LAYRA/3D_Front_visualization/visualization/threefront_renderer.py -- --input /home/ky/Experiments/1+1+1/Interior design/LAYRA/3D_Front_visualization/3D_Front_example/0a9f5311-49e1-414c-ba7b-b42a171459a3.json --output-dir /home/ky/Experiments/1+1+1/Interior design/LAYRA/3D_Front_visualization/output/0a9f5311-49e1-414c-ba7b-b42a171459a3 --room-filter SecondBedroom --dataset /home/ky/Experiments/1+1+1/Interior design/LAYRA/3d-future-model/3D-FUTURE-model --texture-root /TODO/替换为你的/3D-Front-texture/根目录 --category-json /home/ky/Experiments/1+1+1/Interior design/LAYRA/3D_Front_visualization/model_info.json --skip-categories 吊灯,chandelier,ceiling lamp,pendant,ceiling light, Lighting --skip-model-ids  --furniture-scale 1.0 --roughness 1.0 --pre-rot 0.0 0.0 0.0 --keep-mesh-types Floor --render-engine cycles --render-resolution 1024 --topdown-margin 0.08 --render-samples 128 --topdown-scope scene
[启动器] 时间: 20260902_155044
00:00.288  io.obj           | WARNING MTL texture map type not supported: 'map_Ka ./texture.png'
00:00.288  io.obj           | WARNING MTL texture map type not supported: 'map_Ka ./texture.png'
00:00.288  io.obj           | WARNING MTL texture map type not supported: 'map_Ka ./texture.png'
00:00.288  io.obj           | WARNING MTL texture map type not supported: 'map_Ka ./texture.png'
00:00.288  io.obj           | WARNING MTL texture map type not supported: 'map_Ka ./texture.png'
00:00.288  io.obj           | WARNING MTL texture map type not supported: 'map_Ka ./texture.png'
00:00.288  io.obj           | WARNING MTL texture map type not supported: 'map_Ka ./texture.png'
00:00.288  io.obj           | WARNING MTL texture map type not supported: 'map_Ka ./texture.png'
00:00.288  io.obj           | WARNING MTL texture map type not supported: 'map_Ka ./texture.png'
00:00.288  io.obj           | WARNING MTL texture map type not supported: 'map_Ka ./texture.png'
00:00.319  io.obj           | WARNING MTL texture map type not supported: 'map_Ka ./texture.png'
00:00.319  io.obj           | WARNING MTL texture map type not supported: 'map_Ka ./texture.png'
00:00.319  io.obj           | WARNING MTL texture map type not supported: 'map_Ka ./texture.png'
00:00.319  io.obj           | WARNING MTL texture map type not supported: 'map_Ka ./texture.png'
00:00.319  io.obj           | WARNING MTL texture map type not supported: 'map_Ka ./texture.png'
00:00.329  io.obj           | WARNING MTL texture map type not supported: 'map_Ka ./texture.png'
00:00.329  io.obj           | WARNING MTL texture map type not supported: 'map_Ka ./texture.png'
00:00.329  io.obj           | WARNING MTL texture map type not supported: 'map_Ka ./texture.png'
00:00.329  io.obj           | WARNING MTL texture map type not supported: 'map_Ka ./texture.png'
00:00.329  io.obj           | WARNING MTL texture map type not supported: 'map_Ka ./texture.png'
00:00.336  io.obj           | WARNING MTL texture map type not supported: 'map_Ka ./texture.png'
00:00.336  io.obj           | WARNING MTL texture map type not supported: 'map_Ka ./texture.png'
00:00.336  io.obj           | WARNING MTL texture map type not supported: 'map_Ka ./texture.png'
00:00.336  io.obj           | WARNING MTL texture map type not supported: 'map_Ka ./texture.png'
00:00.336  io.obj           | WARNING MTL texture map type not supported: 'map_Ka ./texture.png'
00:00.336  io.obj           | WARNING MTL texture map type not supported: 'map_Ka ./texture.png'
00:00.336  io.obj           | WARNING MTL texture map type not supported: 'map_Ka ./texture.png'
00:00.336  io.obj           | WARNING MTL texture map type not supported: 'map_Ka ./texture.png'
00:00.336  io.obj           | WARNING MTL texture map type not supported: 'map_Ka ./texture.png'
00:00.336  io.obj           | WARNING MTL texture map type not supported: 'map_Ka ./texture.png'
00:00.336  io.obj           | WARNING MTL texture map type not supported: 'map_Ka ./texture.png'
00:00.336  io.obj           | WARNING MTL texture map type not supported: 'map_Ka ./texture.png'
00:00.336  io.obj           | WARNING MTL texture map type not supported: 'map_Ka ./texture.png'
00:00.336  io.obj           | WARNING MTL texture map type not supported: 'map_Ka ./texture.png'
00:00.336  io.obj           | WARNING MTL texture map type not supported: 'map_Ka ./texture.png'
00:00.336  io.obj           | WARNING MTL texture map type not supported: 'map_Ka ./texture.png'
00:00.336  io.obj           | WARNING MTL texture map type not supported: 'map_Ka ./texture.png'
00:00.336  io.obj           | WARNING MTL texture map type not supported: 'map_Ka ./texture.png'
00:00.336  io.obj           | WARNING MTL texture map type not supported: 'map_Ka ./texture.png'
00:00.336  io.obj           | WARNING MTL texture map type not supported: 'map_Ka ./texture.png'
00:00.336  io.obj           | WARNING MTL texture map type not supported: 'map_Ka ./texture.png'
00:00.336  io.obj           | WARNING MTL texture map type not supported: 'map_Ka ./texture.png'
00:00.336  io.obj           | WARNING MTL texture map type not supported: 'map_Ka ./texture.png'
00:00.336  io.obj           | WARNING MTL texture map type not supported: 'map_Ka ./texture.png'
00:00.336  io.obj           | WARNING MTL texture map type not supported: 'map_Ka ./texture.png'
00:00.336  io.obj           | WARNING MTL texture map type not supported: 'map_Ka ./texture.png'
00:00.336  io.obj           | WARNING MTL texture map type not supported: 'map_Ka ./texture.png'
00:00.336  io.obj           | WARNING MTL texture map type not supported: 'map_Ka ./texture.png'
00:00.336  io.obj           | WARNING MTL texture map type not supported: 'map_Ka ./texture.png'
00:00.336  io.obj           | WARNING MTL texture map type not supported: 'map_Ka ./texture.png'
00:00.336  io.obj           | WARNING MTL texture map type not supported: 'map_Ka ./texture.png'
00:00.336  io.obj           | WARNING MTL texture map type not supported: 'map_Ka ./texture.png'
00:00.336  io.obj           | WARNING MTL texture map type not supported: 'map_Ka ./texture.png'
00:00.336  io.obj           | WARNING MTL texture map type not supported: 'map_Ka ./texture.png'
00:00.336  io.obj           | WARNING MTL texture map type not supported: 'map_Ka ./texture.png'
00:00.336  io.obj           | WARNING MTL texture map type not supported: 'map_Ka ./texture.png'
00:00.336  io.obj           | WARNING MTL texture map type not supported: 'map_Ka ./texture.png'
00:00.336  io.obj           | WARNING MTL texture map type not supported: 'map_Ka ./texture.png'
00:00.336  io.obj           | WARNING MTL texture map type not supported: 'map_Ka ./texture.png'
00:00.336  io.obj           | WARNING MTL texture map type not supported: 'map_Ka ./texture.png'
00:00.336  io.obj           | WARNING MTL texture map type not supported: 'map_Ka ./texture.png'
00:00.336  io.obj           | WARNING MTL texture map type not supported: 'map_Ka ./texture.png'
00:00.336  io.obj           | WARNING MTL texture map type not supported: 'map_Ka ./texture.png'
00:00.336  io.obj           | WARNING MTL texture map type not supported: 'map_Ka ./texture.png'
00:00.336  io.obj           | WARNING MTL texture map type not supported: 'map_Ka ./texture.png'
00:00.336  io.obj           | WARNING MTL texture map type not supported: 'map_Ka ./texture.png'
00:00.336  io.obj           | WARNING MTL texture map type not supported: 'map_Ka ./texture.png'
00:00.336  io.obj           | WARNING MTL texture map type not supported: 'map_Ka ./texture.png'
00:00.336  io.obj           | WARNING MTL texture map type not supported: 'map_Ka ./texture.png'
00:00.336  io.obj           | WARNING MTL texture map type not supported: 'map_Ka ./texture.png'
00:00.336  io.obj           | WARNING MTL texture map type not supported: 'map_Ka ./texture.png'
00:00.336  io.obj           | WARNING MTL texture map type not supported: 'map_Ka ./texture.png'
00:00.336  io.obj           | WARNING MTL texture map type not supported: 'map_Ka ./texture.png'
00:00.336  io.obj           | WARNING MTL texture map type not supported: 'map_Ka ./texture.png'
00:00.336  io.obj           | WARNING MTL texture map type not supported: 'map_Ka ./texture.png'
00:00.336  io.obj           | WARNING MTL texture map type not supported: 'map_Ka ./texture.png'
00:00.336  io.obj           | WARNING MTL texture map type not supported: 'map_Ka ./texture.png'
00:00.336  io.obj           | WARNING MTL texture map type not supported: 'map_Ka ./texture.png'
00:00.336  io.obj           | WARNING MTL texture map type not supported: 'map_Ka ./texture.png'
00:00.336  io.obj           | WARNING MTL texture map type not supported: 'map_Ka ./texture.png'
00:00.336  io.obj           | WARNING MTL texture map type not supported: 'map_Ka ./texture.png'
00:00.336  io.obj           | WARNING MTL texture map type not supported: 'map_Ka ./texture.png'
00:00.336  io.obj           | WARNING MTL texture map type not supported: 'map_Ka ./texture.png'
00:00.336  io.obj           | WARNING MTL texture map type not supported: 'map_Ka ./texture.png'
00:00.336  io.obj           | WARNING MTL texture map type not supported: 'map_Ka ./texture.png'
00:00.336  io.obj           | WARNING MTL texture map type not supported: 'map_Ka ./texture.png'
00:00.336  io.obj           | WARNING MTL texture map type not supported: 'map_Ka ./texture.png'
00:00.336  io.obj           | WARNING MTL texture map type not supported: 'map_Ka ./texture.png'
00:00.336  io.obj           | WARNING MTL texture map type not supported: 'map_Ka ./texture.png'
00:00.336  io.obj           | WARNING MTL texture map type not supported: 'map_Ka ./texture.png'
00:00.336  io.obj           | WARNING MTL texture map type not supported: 'map_Ka ./texture.png'
00:00.336  io.obj           | WARNING MTL texture map type not supported: 'map_Ka ./texture.png'
00:00.336  io.obj           | WARNING MTL texture map type not supported: 'map_Ka ./texture.png'
00:00.336  io.obj           | WARNING MTL texture map type not supported: 'map_Ka ./texture.png'
00:00.336  io.obj           | WARNING MTL texture map type not supported: 'map_Ka ./texture.png'
00:00.336  io.obj           | WARNING MTL texture map type not supported: 'map_Ka ./texture.png'
00:00.336  io.obj           | WARNING MTL texture map type not supported: 'map_Ka ./texture.png'
00:00.336  io.obj           | WARNING MTL texture map type not supported: 'map_Ka ./texture.png'
00:00.336  io.obj           | WARNING MTL texture map type not supported: 'map_Ka ./texture.png'
00:00.336  io.obj           | WARNING MTL texture map type not supported: 'map_Ka ./texture.png'
00:00.336  io.obj           | WARNING MTL texture map type not supported: 'map_Ka ./texture.png'
00:00.336  io.obj           | WARNING MTL texture map type not supported: 'map_Ka ./texture.png'
00:00.336  io.obj           | WARNING MTL texture map type not supported: 'map_Ka ./texture.png'
00:00.336  io.obj           | WARNING MTL texture map type not supported: 'map_Ka ./texture.png'
00:00.336  io.obj           | WARNING MTL texture map type not supported: 'map_Ka ./texture.png'
00:00.336  io.obj           | WARNING MTL texture map type not supported: 'map_Ka ./texture.png'
00:00.336  io.obj           | WARNING MTL texture map type not supported: 'map_Ka ./texture.png'
00:00.336  io.obj           | WARNING MTL texture map type not supported: 'map_Ka ./texture.png'
00:00.336  io.obj           | WARNING MTL texture map type not supported: 'map_Ka ./texture.png'
00:00.336  io.obj           | WARNING MTL texture map type not supported: 'map_Ka ./texture.png'
00:00.336  io.obj           | WARNING MTL texture map type not supported: 'map_Ka ./texture.png'
00:00.336  io.obj           | WARNING MTL texture map type not supported: 'map_Ka ./texture.png'
00:00.336  io.obj           | WARNING MTL texture map type not supported: 'map_Ka ./texture.png'
00:00.336  io.obj           | WARNING MTL texture map type not supported: 'map_Ka ./texture.png'
00:00.336  io.obj           | WARNING MTL texture map type not supported: 'map_Ka ./texture.png'
00:00.336  io.obj           | WARNING MTL texture map type not supported: 'map_Ka ./texture.png'
00:00.336  io.obj           | WARNING MTL texture map type not supported: 'map_Ka ./texture.png'
00:00.336  io.obj           | WARNING MTL texture map type not supported: 'map_Ka ./texture.png'
00:00.336  io.obj           | WARNING MTL texture map type not supported: 'map_Ka ./texture.png'
00:00.336  io.obj           | WARNING MTL texture map type not supported: 'map_Ka ./texture.png'
00:00.336  io.obj           | WARNING MTL texture map type not supported: 'map_Ka ./texture.png'
00:00.336  io.obj           | WARNING MTL texture map type not supported: 'map_Ka ./texture.png'
00:00.336  io.obj           | WARNING MTL texture map type not supported: 'map_Ka ./texture.png'
00:00.336  io.obj           | WARNING MTL texture map type not supported: 'map_Ka ./texture.png'
00:00.336  io.obj           | WARNING MTL texture map type not supported: 'map_Ka ./texture.png'
00:00.336  io.obj           | WARNING MTL texture map type not supported: 'map_Ka ./texture.png'
00:00.336  io.obj           | WARNING MTL texture map type not supported: 'map_Ka ./texture.png'
00:00.336  io.obj           | WARNING MTL texture map type not supported: 'map_Ka ./texture.png'
00:00.336  io.obj           | WARNING MTL texture map type not supported: 'map_Ka ./texture.png'
00:00.355  cycles           | WARNING HIPEW initialization failed: Error opening HIP dynamic library
00:05.766  render           | Saved: '/home/ky/Experiments/1+1+1/Interior design/LAYRA/3D_Front_visualization/output/0a9f5311-49e1-414c-ba7b-b42a171459a3/0a9f5311-49e1-414c-ba7b-b42a171459a3_SecondBedroom_topdown.png'
[构建器] input  = /home/ky/Experiments/1+1+1/Interior design/LAYRA/3D_Front_visualization/3D_Front_example/0a9f5311-49e1-414c-ba7b-b42a171459a3.json
[构建器] dataset= /home/ky/Experiments/1+1+1/Interior design/LAYRA/3d-future-model/3D-FUTURE-model

[构建器] === 处理 0a9f5311-49e1-414c-ba7b-b42a171459a3.json ===
  [跳过房间] type=Kitchen idx=0: 不匹配 --room-filter='SecondBedroom'
  [跳过房间] type=Bathroom idx=1: 不匹配 --room-filter='SecondBedroom'
  [跳过房间] type=LivingDiningRoom idx=2: 不匹配 --room-filter='SecondBedroom'
[构建器] 警告：找不到家具模型，已跳过 -> /home/ky/Experiments/1+1+1/Interior design/LAYRA/3d-future-model/3D-FUTURE-model/db84c83f-6de8-4a36-8d88-af157842becc/raw_model.obj, /home/ky/Experiments/1+1+1/Interior design/LAYRA/3d-future-model/3D-FUTURE-model/4777/raw_model.obj
[构建器] 家具 05bd9b39-5166-4730-8707-038fbc78c986: 贴图节点 1 个, 已修复 0 个
[构建器] 家具 bb9598e5-69bc-46e9-90c6-c6fb93f96ed1: 贴图节点 1 个, 已修复 0 个
[构建器] 家具 bb9598e5-69bc-46e9-90c6-c6fb93f96ed1: 贴图节点 1 个, 已修复 0 个
  [跳过家具] model=8bba3d84-9d53-4dc6-ad3e-dfac6907b177 原因=super-category:Lighting
[构建器] 家具 0c6395de-94db-41bc-bb9e-390fb2fcd6db: 贴图节点 1 个, 已修复 0 个
[构建器] 警告：找不到家具模型，已跳过 -> /home/ky/Experiments/1+1+1/Interior design/LAYRA/3d-future-model/3D-FUTURE-model/2c8e8487-63f8-4b5a-a88e-b526db421f27/raw_model.obj, /home/ky/Experiments/1+1+1/Interior design/LAYRA/3d-future-model/3D-FUTURE-model/11182/raw_model.obj
  [房间] type=SecondBedroom idx=3: 地板 2 件, 家具已放 4, 跳过 3
  [跳过房间] type=Balcony idx=4: 不匹配 --room-filter='SecondBedroom'
  [跳过房间] type=MasterBedroom idx=5: 不匹配 --room-filter='SecondBedroom'
  [跳过房间] type=Aisle idx=6: 不匹配 --room-filter='SecondBedroom'
  [跳过房间] type=OtherRoom idx=7: 不匹配 --room-filter='SecondBedroom'
  [跳过房间] type=OtherRoom idx=8: 不匹配 --room-filter='SecondBedroom'
  [跳过房间] type=OtherRoom idx=9: 不匹配 --room-filter='SecondBedroom'
[构建器] 渲染 0a9f5311-49e1-414c-ba7b-b42a171459a3_SecondBedroom_topdown.png（引擎=CYCLES）…
Info: Saved as "0a9f5311-49e1-414c-ba7b-b42a171459a3_furnished.blend"
[构建器] 已保存场景 -> /home/ky/Experiments/1+1+1/Interior design/LAYRA/3D_Front_visualization/output/0a9f5311-49e1-414c-ba7b-b42a171459a3/0a9f5311-49e1-414c-ba7b-b42a171459a3_furnished.blend

[构建器] 完成：处理 1 个 JSON，共 10 个房间，渲染 1 张 top2down。
Blender 5.1.2 (hash ec6e62d40fa9 built 2026-05-19 02:18:37)
OBJ import of 'raw_model.obj' took 33.86 ms
OBJ import of 'raw_model.obj' took 9.24 ms
OBJ import of 'raw_model.obj' took 6.92 ms
OBJ import of 'raw_model.obj' took 7.43 ms

Blender quit
