[启动器] 命令: /home/ky/Desktop/blender-5.1.2-linux-x64/blender -b --python /home/ky/Experiments/1+1+1/Interior design/LAYRA/3D_Front_visualization/visualization/threefront_renderer.py -- --input /home/ky/Experiments/1+1+1/Interior design/LAYRA/3D_Front_visualization/3D_Front_example/0a9f5311-49e1-414c-ba7b-b42a171459a3.json --output-dir /home/ky/Experiments/1+1+1/Interior design/LAYRA/3D_Front_visualization/output/exp2/Bedroom/0a9f5311-49e1-414c-ba7b-b42a171459a3_SecondBedroom --room-filter SecondBedroom --dataset /home/ky/Experiments/1+1+1/Interior design/LAYRA/3d-future-model/3D-FUTURE-model --texture-root /TODO/替换为你的/3D-Front-texture/根目录 --category-json /home/ky/Experiments/1+1+1/Interior design/LAYRA/3D_Front_visualization/model_info.json --furniture-library /home/ky/Experiments/1+1+1/Interior design/LAYRA/3D_Front_visualization/furniture_library.json --skip-categories 吊灯,chandelier,ceiling lamp,pendant,ceiling light, Lighting --skip-model-ids  --furniture-scale 1.0 --roughness 1.0 --pre-rot 0.0 0.0 0.0 --keep-mesh-types Floor --render-engine cycles --render-resolution 1024 --topdown-margin 0.08 --render-samples 128 --topdown-scope scene --no-save-blend
[启动器] 时间: 20260902_174900
00:00.292  io.obj           | WARNING MTL texture map type not supported: 'map_Ka ./texture.png'
00:00.292  io.obj           | WARNING MTL texture map type not supported: 'map_Ka ./texture.png'
00:00.292  io.obj           | WARNING MTL texture map type not supported: 'map_Ka ./texture.png'
00:00.292  io.obj           | WARNING MTL texture map type not supported: 'map_Ka ./texture.png'
00:00.292  io.obj           | WARNING MTL texture map type not supported: 'map_Ka ./texture.png'
00:00.292  io.obj           | WARNING MTL texture map type not supported: 'map_Ka ./texture.png'
00:00.292  io.obj           | WARNING MTL texture map type not supported: 'map_Ka ./texture.png'
00:00.292  io.obj           | WARNING MTL texture map type not supported: 'map_Ka ./texture.png'
00:00.292  io.obj           | WARNING MTL texture map type not supported: 'map_Ka ./texture.png'
00:00.292  io.obj           | WARNING MTL texture map type not supported: 'map_Ka ./texture.png'
00:00.318  io.obj           | WARNING MTL texture map type not supported: 'map_Ka ./texture.png'
00:00.318  io.obj           | WARNING MTL texture map type not supported: 'map_Ka ./texture.png'
00:00.318  io.obj           | WARNING MTL texture map type not supported: 'map_Ka ./texture.png'
00:00.318  io.obj           | WARNING MTL texture map type not supported: 'map_Ka ./texture.png'
00:00.318  io.obj           | WARNING MTL texture map type not supported: 'map_Ka ./texture.png'
00:00.327  io.obj           | WARNING MTL texture map type not supported: 'map_Ka ./texture.png'
00:00.327  io.obj           | WARNING MTL texture map type not supported: 'map_Ka ./texture.png'
00:00.327  io.obj           | WARNING MTL texture map type not supported: 'map_Ka ./texture.png'
00:00.327  io.obj           | WARNING MTL texture map type not supported: 'map_Ka ./texture.png'
00:00.327  io.obj           | WARNING MTL texture map type not supported: 'map_Ka ./texture.png'
00:00.333  io.obj           | WARNING MTL texture map type not supported: 'map_Ka ./texture.png'
00:00.333  io.obj           | WARNING MTL texture map type not supported: 'map_Ka ./texture.png'
00:00.333  io.obj           | WARNING MTL texture map type not supported: 'map_Ka ./texture.png'
00:00.333  io.obj           | WARNING MTL texture map type not supported: 'map_Ka ./texture.png'
00:00.333  io.obj           | WARNING MTL texture map type not supported: 'map_Ka ./texture.png'
00:00.333  io.obj           | WARNING MTL texture map type not supported: 'map_Ka ./texture.png'
00:00.333  io.obj           | WARNING MTL texture map type not supported: 'map_Ka ./texture.png'
00:00.333  io.obj           | WARNING MTL texture map type not supported: 'map_Ka ./texture.png'
00:00.333  io.obj           | WARNING MTL texture map type not supported: 'map_Ka ./texture.png'
00:00.333  io.obj           | WARNING MTL texture map type not supported: 'map_Ka ./texture.png'
00:00.333  io.obj           | WARNING MTL texture map type not supported: 'map_Ka ./texture.png'
00:00.333  io.obj           | WARNING MTL texture map type not supported: 'map_Ka ./texture.png'
00:00.333  io.obj           | WARNING MTL texture map type not supported: 'map_Ka ./texture.png'
00:00.333  io.obj           | WARNING MTL texture map type not supported: 'map_Ka ./texture.png'
00:00.333  io.obj           | WARNING MTL texture map type not supported: 'map_Ka ./texture.png'
00:00.333  io.obj           | WARNING MTL texture map type not supported: 'map_Ka ./texture.png'
00:00.333  io.obj           | WARNING MTL texture map type not supported: 'map_Ka ./texture.png'
00:00.333  io.obj           | WARNING MTL texture map type not supported: 'map_Ka ./texture.png'
00:00.333  io.obj           | WARNING MTL texture map type not supported: 'map_Ka ./texture.png'
00:00.333  io.obj           | WARNING MTL texture map type not supported: 'map_Ka ./texture.png'
00:00.333  io.obj           | WARNING MTL texture map type not supported: 'map_Ka ./texture.png'
00:00.333  io.obj           | WARNING MTL texture map type not supported: 'map_Ka ./texture.png'
00:00.333  io.obj           | WARNING MTL texture map type not supported: 'map_Ka ./texture.png'
00:00.333  io.obj           | WARNING MTL texture map type not supported: 'map_Ka ./texture.png'
00:00.333  io.obj           | WARNING MTL texture map type not supported: 'map_Ka ./texture.png'
00:00.333  io.obj           | WARNING MTL texture map type not supported: 'map_Ka ./texture.png'
00:00.333  io.obj           | WARNING MTL texture map type not supported: 'map_Ka ./texture.png'
00:00.333  io.obj           | WARNING MTL texture map type not supported: 'map_Ka ./texture.png'
00:00.333  io.obj           | WARNING MTL texture map type not supported: 'map_Ka ./texture.png'
00:00.333  io.obj           | WARNING MTL texture map type not supported: 'map_Ka ./texture.png'
00:00.333  io.obj           | WARNING MTL texture map type not supported: 'map_Ka ./texture.png'
00:00.333  io.obj           | WARNING MTL texture map type not supported: 'map_Ka ./texture.png'
00:00.333  io.obj           | WARNING MTL texture map type not supported: 'map_Ka ./texture.png'
00:00.333  io.obj           | WARNING MTL texture map type not supported: 'map_Ka ./texture.png'
00:00.333  io.obj           | WARNING MTL texture map type not supported: 'map_Ka ./texture.png'
00:00.333  io.obj           | WARNING MTL texture map type not supported: 'map_Ka ./texture.png'
00:00.333  io.obj           | WARNING MTL texture map type not supported: 'map_Ka ./texture.png'
00:00.333  io.obj           | WARNING MTL texture map type not supported: 'map_Ka ./texture.png'
00:00.333  io.obj           | WARNING MTL texture map type not supported: 'map_Ka ./texture.png'
00:00.333  io.obj           | WARNING MTL texture map type not supported: 'map_Ka ./texture.png'
00:00.333  io.obj           | WARNING MTL texture map type not supported: 'map_Ka ./texture.png'
00:00.333  io.obj           | WARNING MTL texture map type not supported: 'map_Ka ./texture.png'
00:00.333  io.obj           | WARNING MTL texture map type not supported: 'map_Ka ./texture.png'
00:00.333  io.obj           | WARNING MTL texture map type not supported: 'map_Ka ./texture.png'
00:00.333  io.obj           | WARNING MTL texture map type not supported: 'map_Ka ./texture.png'
00:00.333  io.obj           | WARNING MTL texture map type not supported: 'map_Ka ./texture.png'
00:00.333  io.obj           | WARNING MTL texture map type not supported: 'map_Ka ./texture.png'
00:00.333  io.obj           | WARNING MTL texture map type not supported: 'map_Ka ./texture.png'
00:00.333  io.obj           | WARNING MTL texture map type not supported: 'map_Ka ./texture.png'
00:00.333  io.obj           | WARNING MTL texture map type not supported: 'map_Ka ./texture.png'
00:00.333  io.obj           | WARNING MTL texture map type not supported: 'map_Ka ./texture.png'
00:00.333  io.obj           | WARNING MTL texture map type not supported: 'map_Ka ./texture.png'
00:00.333  io.obj           | WARNING MTL texture map type not supported: 'map_Ka ./texture.png'
00:00.333  io.obj           | WARNING MTL texture map type not supported: 'map_Ka ./texture.png'
00:00.333  io.obj           | WARNING MTL texture map type not supported: 'map_Ka ./texture.png'
00:00.333  io.obj           | WARNING MTL texture map type not supported: 'map_Ka ./texture.png'
00:00.333  io.obj           | WARNING MTL texture map type not supported: 'map_Ka ./texture.png'
00:00.333  io.obj           | WARNING MTL texture map type not supported: 'map_Ka ./texture.png'
00:00.333  io.obj           | WARNING MTL texture map type not supported: 'map_Ka ./texture.png'
00:00.333  io.obj           | WARNING MTL texture map type not supported: 'map_Ka ./texture.png'
00:00.333  io.obj           | WARNING MTL texture map type not supported: 'map_Ka ./texture.png'
00:00.333  io.obj           | WARNING MTL texture map type not supported: 'map_Ka ./texture.png'
00:00.333  io.obj           | WARNING MTL texture map type not supported: 'map_Ka ./texture.png'
00:00.333  io.obj           | WARNING MTL texture map type not supported: 'map_Ka ./texture.png'
00:00.333  io.obj           | WARNING MTL texture map type not supported: 'map_Ka ./texture.png'
00:00.333  io.obj           | WARNING MTL texture map type not supported: 'map_Ka ./texture.png'
00:00.333  io.obj           | WARNING MTL texture map type not supported: 'map_Ka ./texture.png'
00:00.333  io.obj           | WARNING MTL texture map type not supported: 'map_Ka ./texture.png'
00:00.333  io.obj           | WARNING MTL texture map type not supported: 'map_Ka ./texture.png'
00:00.333  io.obj           | WARNING MTL texture map type not supported: 'map_Ka ./texture.png'
00:00.333  io.obj           | WARNING MTL texture map type not supported: 'map_Ka ./texture.png'
00:00.333  io.obj           | WARNING MTL texture map type not supported: 'map_Ka ./texture.png'
00:00.333  io.obj           | WARNING MTL texture map type not supported: 'map_Ka ./texture.png'
00:00.333  io.obj           | WARNING MTL texture map type not supported: 'map_Ka ./texture.png'
00:00.333  io.obj           | WARNING MTL texture map type not supported: 'map_Ka ./texture.png'
00:00.333  io.obj           | WARNING MTL texture map type not supported: 'map_Ka ./texture.png'
00:00.333  io.obj           | WARNING MTL texture map type not supported: 'map_Ka ./texture.png'
00:00.333  io.obj           | WARNING MTL texture map type not supported: 'map_Ka ./texture.png'
00:00.333  io.obj           | WARNING MTL texture map type not supported: 'map_Ka ./texture.png'
00:00.333  io.obj           | WARNING MTL texture map type not supported: 'map_Ka ./texture.png'
00:00.333  io.obj           | WARNING MTL texture map type not supported: 'map_Ka ./texture.png'
00:00.333  io.obj           | WARNING MTL texture map type not supported: 'map_Ka ./texture.png'
00:00.333  io.obj           | WARNING MTL texture map type not supported: 'map_Ka ./texture.png'
00:00.333  io.obj           | WARNING MTL texture map type not supported: 'map_Ka ./texture.png'
00:00.333  io.obj           | WARNING MTL texture map type not supported: 'map_Ka ./texture.png'
00:00.333  io.obj           | WARNING MTL texture map type not supported: 'map_Ka ./texture.png'
00:00.333  io.obj           | WARNING MTL texture map type not supported: 'map_Ka ./texture.png'
00:00.333  io.obj           | WARNING MTL texture map type not supported: 'map_Ka ./texture.png'
00:00.333  io.obj           | WARNING MTL texture map type not supported: 'map_Ka ./texture.png'
00:00.333  io.obj           | WARNING MTL texture map type not supported: 'map_Ka ./texture.png'
00:00.333  io.obj           | WARNING MTL texture map type not supported: 'map_Ka ./texture.png'
00:00.333  io.obj           | WARNING MTL texture map type not supported: 'map_Ka ./texture.png'
00:00.333  io.obj           | WARNING MTL texture map type not supported: 'map_Ka ./texture.png'
00:00.333  io.obj           | WARNING MTL texture map type not supported: 'map_Ka ./texture.png'
00:00.333  io.obj           | WARNING MTL texture map type not supported: 'map_Ka ./texture.png'
00:00.333  io.obj           | WARNING MTL texture map type not supported: 'map_Ka ./texture.png'
00:00.333  io.obj           | WARNING MTL texture map type not supported: 'map_Ka ./texture.png'
00:00.333  io.obj           | WARNING MTL texture map type not supported: 'map_Ka ./texture.png'
00:00.333  io.obj           | WARNING MTL texture map type not supported: 'map_Ka ./texture.png'
00:00.333  io.obj           | WARNING MTL texture map type not supported: 'map_Ka ./texture.png'
00:00.333  io.obj           | WARNING MTL texture map type not supported: 'map_Ka ./texture.png'
00:00.333  io.obj           | WARNING MTL texture map type not supported: 'map_Ka ./texture.png'
00:00.333  io.obj           | WARNING MTL texture map type not supported: 'map_Ka ./texture.png'
00:00.333  io.obj           | WARNING MTL texture map type not supported: 'map_Ka ./texture.png'
00:00.333  io.obj           | WARNING MTL texture map type not supported: 'map_Ka ./texture.png'
00:00.333  io.obj           | WARNING MTL texture map type not supported: 'map_Ka ./texture.png'
00:00.333  io.obj           | WARNING MTL texture map type not supported: 'map_Ka ./texture.png'
00:00.333  io.obj           | WARNING MTL texture map type not supported: 'map_Ka ./texture.png'
00:00.334  io.obj           | WARNING MTL texture map type not supported: 'map_Ka ./texture.png'
00:00.350  cycles           | WARNING HIPEW initialization failed: Error opening HIP dynamic library
00:05.707  render           | Saved: '/home/ky/Experiments/1+1+1/Interior design/LAYRA/3D_Front_visualization/output/exp2/Bedroom/0a9f5311-49e1-414c-ba7b-b42a171459a3_SecondBedroom/0a9f5311-49e1-414c-ba7b-b42a171459a3_SecondBedroom_topdown.png'
[构建器] input  = /home/ky/Experiments/1+1+1/Interior design/LAYRA/3D_Front_visualization/3D_Front_example/0a9f5311-49e1-414c-ba7b-b42a171459a3.json
[构建器] dataset= /home/ky/Experiments/1+1+1/Interior design/LAYRA/3d-future-model/3D-FUTURE-model

[构建器] === 处理 0a9f5311-49e1-414c-ba7b-b42a171459a3.json ===
  [提示] 家具 jid=161c86f3 无 size 且尺寸库未收录，无法按真实尺寸校正（可能保留原生单位）。
  [提示] 家具 jid=e5c477b0 无 size 且尺寸库未收录，无法按真实尺寸校正（可能保留原生单位）。
  [提示] 家具 jid=e5c477b0 无 size 且尺寸库未收录，无法按真实尺寸校正（可能保留原生单位）。
  [提示] 家具 jid=e5c477b0 无 size 且尺寸库未收录，无法按真实尺寸校正（可能保留原生单位）。
  [提示] 家具 jid=e5c477b0 无 size 且尺寸库未收录，无法按真实尺寸校正（可能保留原生单位）。
  [提示] 家具 jid=e5c477b0 无 size 且尺寸库未收录，无法按真实尺寸校正（可能保留原生单位）。
  [提示] 家具 jid=e5c477b0 无 size 且尺寸库未收录，无法按真实尺寸校正（可能保留原生单位）。
  [提示] 家具 jid=e5c477b0 无 size 且尺寸库未收录，无法按真实尺寸校正（可能保留原生单位）。
  [提示] 家具 jid=e5c477b0 无 size 且尺寸库未收录，无法按真实尺寸校正（可能保留原生单位）。
  [提示] 家具 jid=161c86f3 无 size 且尺寸库未收录，无法按真实尺寸校正（可能保留原生单位）。
  [提示] 家具 jid=4bb87c37 无 size 且尺寸库未收录，无法按真实尺寸校正（可能保留原生单位）。
  [提示] 家具 jid=ff958559 无 size 且尺寸库未收录，无法按真实尺寸校正（可能保留原生单位）。
  [提示] 家具 jid=ffa699e6 无 size 且尺寸库未收录，无法按真实尺寸校正（可能保留原生单位）。
  [提示] 家具 jid=4bb87c37 无 size 且尺寸库未收录，无法按真实尺寸校正（可能保留原生单位）。
  [提示] 家具 jid=db84c83f 无 size 且尺寸库未收录，无法按真实尺寸校正（可能保留原生单位）。
  [提示] 家具 jid=2c8e8487 无 size 且尺寸库未收录，无法按真实尺寸校正（可能保留原生单位）。
  [提示] 家具 jid=a3017175 无 size 且尺寸库未收录，无法按真实尺寸校正（可能保留原生单位）。
  [提示] 家具 jid=ff958559 无 size 且尺寸库未收录，无法按真实尺寸校正（可能保留原生单位）。
  [提示] 家具 jid=ff958559 无 size 且尺寸库未收录，无法按真实尺寸校正（可能保留原生单位）。
  [提示] 家具 jid=2c8e8487 无 size 且尺寸库未收录，无法按真实尺寸校正（可能保留原生单位）。
  [跳过房间] type=Kitchen idx=0: 不匹配 --room-filter='SecondBedroom'
  [跳过房间] type=Bathroom idx=1: 不匹配 --room-filter='SecondBedroom'
  [跳过房间] type=LivingDiningRoom idx=2: 不匹配 --room-filter='SecondBedroom'
[构建器] 警告：找不到家具模型，已跳过 -> /home/ky/Experiments/1+1+1/Interior design/LAYRA/3d-future-model/3D-FUTURE-model/db84c83f-6de8-4a36-8d88-af157842becc/raw_model.obj, /home/ky/Experiments/1+1+1/Interior design/LAYRA/3d-future-model/3D-FUTURE-model/4777/raw_model.obj
[构建器] 家具 05bd9b39-5166-4730-8707-038fbc78c986: 贴图节点 1 个, 已修复 0 个
[构建器] 家具 05bd9b39-5166-4730-8707-038fbc78c986: 按 size 重新缩放 (1.892x2.223x1.003 -> 1.895x2.225x1.003)
[构建器] 家具 bb9598e5-69bc-46e9-90c6-c6fb93f96ed1: 贴图节点 1 个, 已修复 0 个
[构建器] 家具 bb9598e5-69bc-46e9-90c6-c6fb93f96ed1: 按 size 重新缩放 (0.400x0.322x0.550 -> 0.400x0.322x0.550)
[构建器] 家具 bb9598e5-69bc-46e9-90c6-c6fb93f96ed1: 贴图节点 1 个, 已修复 0 个
[构建器] 家具 bb9598e5-69bc-46e9-90c6-c6fb93f96ed1: 按 size 重新缩放 (0.400x0.322x0.550 -> 0.400x0.322x0.550)
  [跳过家具] model=8bba3d84-9d53-4dc6-ad3e-dfac6907b177 原因=super-category:Lighting
[构建器] 家具 0c6395de-94db-41bc-bb9e-390fb2fcd6db: 贴图节点 1 个, 已修复 0 个
[构建器] 家具 0c6395de-94db-41bc-bb9e-390fb2fcd6db: 按 size 重新缩放 (2.116x0.407x2.066 -> 2.116x0.406x2.066)
[构建器] 警告：找不到家具模型，已跳过 -> /home/ky/Experiments/1+1+1/Interior design/LAYRA/3d-future-model/3D-FUTURE-model/2c8e8487-63f8-4b5a-a88e-b526db421f27/raw_model.obj, /home/ky/Experiments/1+1+1/Interior design/LAYRA/3d-future-model/3D-FUTURE-model/11182/raw_model.obj
  [房间] type=SecondBedroom idx=3: 地板 2 件, 家具已放 4, 跳过 3
  [跳过房间] type=Balcony idx=4: 不匹配 --room-filter='SecondBedroom'
  [跳过房间] type=MasterBedroom idx=5: 不匹配 --room-filter='SecondBedroom'
  [跳过房间] type=Aisle idx=6: 不匹配 --room-filter='SecondBedroom'
  [跳过房间] type=OtherRoom idx=7: 不匹配 --room-filter='SecondBedroom'
  [跳过房间] type=OtherRoom idx=8: 不匹配 --room-filter='SecondBedroom'
  [跳过房间] type=OtherRoom idx=9: 不匹配 --room-filter='SecondBedroom'
[构建器] 渲染 0a9f5311-49e1-414c-ba7b-b42a171459a3_SecondBedroom_topdown.png（引擎=CYCLES）…

[构建器] 完成：处理 1 个 JSON，共 10 个房间，渲染 1 张 top2down。
Blender 5.1.2 (hash ec6e62d40fa9 built 2026-05-19 02:18:37)
OBJ import of 'raw_model.obj' took 27.51 ms
OBJ import of 'raw_model.obj' took 7.26 ms
OBJ import of 'raw_model.obj' took 6.32 ms
OBJ import of 'raw_model.obj' took 6.04 ms

Blender quit
